Archive member included to satisfy reference by file (symbol)

c:/users/nikhil/downloads/avr8-gnu-toolchain-3.6.2.1778-win32.any.x86/avr8-gnu-toolchain-win32_x86/bin/../lib/gcc/avr/5.4.0/../../../../avr/lib/avr5\libprintf_flt.a(vfprintf_flt.o)
                              (vfprintf)
c:/users/nikhil/downloads/avr8-gnu-toolchain-3.6.2.1778-win32.any.x86/avr8-gnu-toolchain-win32_x86/bin/../lib/gcc/avr/5.4.0/../../../../avr/lib/avr5\libm.a(addsf3.o)
                              build/default/production/main.o (__subsf3)
c:/users/nikhil/downloads/avr8-gnu-toolchain-3.6.2.1778-win32.any.x86/avr8-gnu-toolchain-win32_x86/bin/../lib/gcc/avr/5.4.0/../../../../avr/lib/avr5\libm.a(addsf3x.o)
                              c:/users/nikhil/downloads/avr8-gnu-toolchain-3.6.2.1778-win32.any.x86/avr8-gnu-toolchain-win32_x86/bin/../lib/gcc/avr/5.4.0/../../../../avr/lib/avr5\libm.a(addsf3.o) (__addsf3x)
c:/users/nikhil/downloads/avr8-gnu-toolchain-3.6.2.1778-win32.any.x86/avr8-gnu-toolchain-win32_x86/bin/../lib/gcc/avr/5.4.0/../../../../avr/lib/avr5\libm.a(cmpsf2.o)
                              build/default/production/main.o (__ltsf2)
c:/users/nikhil/downloads/avr8-gnu-toolchain-3.6.2.1778-win32.any.x86/avr8-gnu-toolchain-win32_x86/bin/../lib/gcc/avr/5.4.0/../../../../avr/lib/avr5\libm.a(floatsisf.o)
                              build/default/production/main.o (__floatunsisf)
c:/users/nikhil/downloads/avr8-gnu-toolchain-3.6.2.1778-win32.any.x86/avr8-gnu-toolchain-win32_x86/bin/../lib/gcc/avr/5.4.0/../../../../avr/lib/avr5\libm.a(fp_cmp.o)
                              c:/users/nikhil/downloads/avr8-gnu-toolchain-3.6.2.1778-win32.any.x86/avr8-gnu-toolchain-win32_x86/bin/../lib/gcc/avr/5.4.0/../../../../avr/lib/avr5\libm.a(cmpsf2.o) (__fp_cmp)
c:/users/nikhil/downloads/avr8-gnu-toolchain-3.6.2.1778-win32.any.x86/avr8-gnu-toolchain-win32_x86/bin/../lib/gcc/avr/5.4.0/../../../../avr/lib/avr5\libm.a(fp_inf.o)
                              c:/users/nikhil/downloads/avr8-gnu-toolchain-3.6.2.1778-win32.any.x86/avr8-gnu-toolchain-win32_x86/bin/../lib/gcc/avr/5.4.0/../../../../avr/lib/avr5\libm.a(addsf3x.o) (__fp_inf)
c:/users/nikhil/downloads/avr8-gnu-toolchain-3.6.2.1778-win32.any.x86/avr8-gnu-toolchain-win32_x86/bin/../lib/gcc/avr/5.4.0/../../../../avr/lib/avr5\libm.a(fp_nan.o)
                              c:/users/nikhil/downloads/avr8-gnu-toolchain-3.6.2.1778-win32.any.x86/avr8-gnu-toolchain-win32_x86/bin/../lib/gcc/avr/5.4.0/../../../../avr/lib/avr5\libm.a(addsf3x.o) (__fp_nan)
c:/users/nikhil/downloads/avr8-gnu-toolchain-3.6.2.1778-win32.any.x86/avr8-gnu-toolchain-win32_x86/bin/../lib/gcc/avr/5.4.0/../../../../avr/lib/avr5\libm.a(fp_pscA.o)
                              c:/users/nikhil/downloads/avr8-gnu-toolchain-3.6.2.1778-win32.any.x86/avr8-gnu-toolchain-win32_x86/bin/../lib/gcc/avr/5.4.0/../../../../avr/lib/avr5\libm.a(addsf3x.o) (__fp_pscA)
c:/users/nikhil/downloads/avr8-gnu-toolchain-3.6.2.1778-win32.any.x86/avr8-gnu-toolchain-win32_x86/bin/../lib/gcc/avr/5.4.0/../../../../avr/lib/avr5\libm.a(fp_pscB.o)
                              c:/users/nikhil/downloads/avr8-gnu-toolchain-3.6.2.1778-win32.any.x86/avr8-gnu-toolchain-win32_x86/bin/../lib/gcc/avr/5.4.0/../../../../avr/lib/avr5\libm.a(addsf3x.o) (__fp_pscB)
c:/users/nikhil/downloads/avr8-gnu-toolchain-3.6.2.1778-win32.any.x86/avr8-gnu-toolchain-win32_x86/bin/../lib/gcc/avr/5.4.0/../../../../avr/lib/avr5\libm.a(fp_round.o)
                              c:/users/nikhil/downloads/avr8-gnu-toolchain-3.6.2.1778-win32.any.x86/avr8-gnu-toolchain-win32_x86/bin/../lib/gcc/avr/5.4.0/../../../../avr/lib/avr5\libm.a(addsf3.o) (__fp_round)
c:/users/nikhil/downloads/avr8-gnu-toolchain-3.6.2.1778-win32.any.x86/avr8-gnu-toolchain-win32_x86/bin/../lib/gcc/avr/5.4.0/../../../../avr/lib/avr5\libm.a(fp_split3.o)
                              c:/users/nikhil/downloads/avr8-gnu-toolchain-3.6.2.1778-win32.any.x86/avr8-gnu-toolchain-win32_x86/bin/../lib/gcc/avr/5.4.0/../../../../avr/lib/avr5\libm.a(addsf3x.o) (__fp_split3)
c:/users/nikhil/downloads/avr8-gnu-toolchain-3.6.2.1778-win32.any.x86/avr8-gnu-toolchain-win32_x86/bin/../lib/gcc/avr/5.4.0/../../../../avr/lib/avr5\libm.a(fp_zero.o)
                              c:/users/nikhil/downloads/avr8-gnu-toolchain-3.6.2.1778-win32.any.x86/avr8-gnu-toolchain-win32_x86/bin/../lib/gcc/avr/5.4.0/../../../../avr/lib/avr5\libm.a(addsf3x.o) (__fp_zero)
c:/users/nikhil/downloads/avr8-gnu-toolchain-3.6.2.1778-win32.any.x86/avr8-gnu-toolchain-win32_x86/bin/../lib/gcc/avr/5.4.0/../../../../avr/lib/avr5\libm.a(gesf2.o)
                              build/default/production/main.o (__gtsf2)
c:/users/nikhil/downloads/avr8-gnu-toolchain-3.6.2.1778-win32.any.x86/avr8-gnu-toolchain-win32_x86/bin/../lib/gcc/avr/5.4.0/../../../../avr/lib/avr5\libm.a(mulsf3.o)
                              build/default/production/main.o (__mulsf3)
c:/users/nikhil/downloads/avr8-gnu-toolchain-3.6.2.1778-win32.any.x86/avr8-gnu-toolchain-win32_x86/bin/../lib/gcc/avr/5.4.0/../../../../avr/lib/avr5\libm.a(mulsf3x.o)
                              c:/users/nikhil/downloads/avr8-gnu-toolchain-3.6.2.1778-win32.any.x86/avr8-gnu-toolchain-win32_x86/bin/../lib/gcc/avr/5.4.0/../../../../avr/lib/avr5\libm.a(mulsf3.o) (__mulsf3x)
c:/users/nikhil/downloads/avr8-gnu-toolchain-3.6.2.1778-win32.any.x86/avr8-gnu-toolchain-win32_x86/bin/../lib/gcc/avr/5.4.0/avr5\libgcc.a(_exit.o)
                              C:/Program Files/Microchip/MPLABX/v5.50/packs/Microchip/ATmega_DFP/2.3.126/gcc/dev/atmega328p/avr5/crtatmega328p.o (exit)
c:/users/nikhil/downloads/avr8-gnu-toolchain-3.6.2.1778-win32.any.x86/avr8-gnu-toolchain-win32_x86/bin/../lib/gcc/avr/5.4.0/avr5\libgcc.a(_copy_data.o)
                              build/default/production/main.o (__do_copy_data)
c:/users/nikhil/downloads/avr8-gnu-toolchain-3.6.2.1778-win32.any.x86/avr8-gnu-toolchain-win32_x86/bin/../lib/gcc/avr/5.4.0/avr5\libgcc.a(_clear_bss.o)
                              build/default/production/main.o (__do_clear_bss)
c:/users/nikhil/downloads/avr8-gnu-toolchain-3.6.2.1778-win32.any.x86/avr8-gnu-toolchain-win32_x86/bin/../lib/gcc/avr/5.4.0/avr5\libgcc.a(_prologue.o)
                              c:/users/nikhil/downloads/avr8-gnu-toolchain-3.6.2.1778-win32.any.x86/avr8-gnu-toolchain-win32_x86/bin/../lib/gcc/avr/5.4.0/../../../../avr/lib/avr5\libprintf_flt.a(vfprintf_flt.o) (__prologue_saves__)
c:/users/nikhil/downloads/avr8-gnu-toolchain-3.6.2.1778-win32.any.x86/avr8-gnu-toolchain-win32_x86/bin/../lib/gcc/avr/5.4.0/avr5\libgcc.a(_epilogue.o)
                              c:/users/nikhil/downloads/avr8-gnu-toolchain-3.6.2.1778-win32.any.x86/avr8-gnu-toolchain-win32_x86/bin/../lib/gcc/avr/5.4.0/../../../../avr/lib/avr5\libprintf_flt.a(vfprintf_flt.o) (__epilogue_restores__)
c:/users/nikhil/downloads/avr8-gnu-toolchain-3.6.2.1778-win32.any.x86/avr8-gnu-toolchain-win32_x86/bin/../lib/gcc/avr/5.4.0/../../../../avr/lib/avr5\libc.a(ftoa_engine.o)
                              c:/users/nikhil/downloads/avr8-gnu-toolchain-3.6.2.1778-win32.any.x86/avr8-gnu-toolchain-win32_x86/bin/../lib/gcc/avr/5.4.0/../../../../avr/lib/avr5\libprintf_flt.a(vfprintf_flt.o) (__ftoa_engine)
c:/users/nikhil/downloads/avr8-gnu-toolchain-3.6.2.1778-win32.any.x86/avr8-gnu-toolchain-win32_x86/bin/../lib/gcc/avr/5.4.0/../../../../avr/lib/avr5\libc.a(strnlen_P.o)
                              c:/users/nikhil/downloads/avr8-gnu-toolchain-3.6.2.1778-win32.any.x86/avr8-gnu-toolchain-win32_x86/bin/../lib/gcc/avr/5.4.0/../../../../avr/lib/avr5\libprintf_flt.a(vfprintf_flt.o) (strnlen_P)
c:/users/nikhil/downloads/avr8-gnu-toolchain-3.6.2.1778-win32.any.x86/avr8-gnu-toolchain-win32_x86/bin/../lib/gcc/avr/5.4.0/../../../../avr/lib/avr5\libc.a(strnlen.o)
                              c:/users/nikhil/downloads/avr8-gnu-toolchain-3.6.2.1778-win32.any.x86/avr8-gnu-toolchain-win32_x86/bin/../lib/gcc/avr/5.4.0/../../../../avr/lib/avr5\libprintf_flt.a(vfprintf_flt.o) (strnlen)
c:/users/nikhil/downloads/avr8-gnu-toolchain-3.6.2.1778-win32.any.x86/avr8-gnu-toolchain-win32_x86/bin/../lib/gcc/avr/5.4.0/../../../../avr/lib/avr5\libc.a(fprintf.o)
                              build/default/production/main.o (fprintf)
c:/users/nikhil/downloads/avr8-gnu-toolchain-3.6.2.1778-win32.any.x86/avr8-gnu-toolchain-win32_x86/bin/../lib/gcc/avr/5.4.0/../../../../avr/lib/avr5\libc.a(fputc.o)
                              c:/users/nikhil/downloads/avr8-gnu-toolchain-3.6.2.1778-win32.any.x86/avr8-gnu-toolchain-win32_x86/bin/../lib/gcc/avr/5.4.0/../../../../avr/lib/avr5\libprintf_flt.a(vfprintf_flt.o) (fputc)
c:/users/nikhil/downloads/avr8-gnu-toolchain-3.6.2.1778-win32.any.x86/avr8-gnu-toolchain-win32_x86/bin/../lib/gcc/avr/5.4.0/../../../../avr/lib/avr5\libc.a(fwrite.o)
                              build/default/production/main.o (fwrite)
c:/users/nikhil/downloads/avr8-gnu-toolchain-3.6.2.1778-win32.any.x86/avr8-gnu-toolchain-win32_x86/bin/../lib/gcc/avr/5.4.0/../../../../avr/lib/avr5\libc.a(ultoa_invert.o)
                              c:/users/nikhil/downloads/avr8-gnu-toolchain-3.6.2.1778-win32.any.x86/avr8-gnu-toolchain-win32_x86/bin/../lib/gcc/avr/5.4.0/../../../../avr/lib/avr5\libprintf_flt.a(vfprintf_flt.o) (__ultoa_invert)

Allocating common symbols
Common symbol       size              file

furnace             0x2               build/default/production/main.o
mode                0x2               build/default/production/main.o
E                   0x4               build/default/production/main.o
I                   0x4               build/default/production/main.o

Discarded input sections

 .data          0x00000000        0x0 C:/Program Files/Microchip/MPLABX/v5.50/packs/Microchip/ATmega_DFP/2.3.126/gcc/dev/atmega328p/avr5/crtatmega328p.o
 .bss           0x00000000        0x0 C:/Program Files/Microchip/MPLABX/v5.50/packs/Microchip/ATmega_DFP/2.3.126/gcc/dev/atmega328p/avr5/crtatmega328p.o
 .text          0x00000000        0x0 c:/users/nikhil/downloads/avr8-gnu-toolchain-3.6.2.1778-win32.any.x86/avr8-gnu-toolchain-win32_x86/bin/../lib/gcc/avr/5.4.0/../../../../avr/lib/avr5\libprintf_flt.a(vfprintf_flt.o)
 .data          0x00000000        0x0 c:/users/nikhil/downloads/avr8-gnu-toolchain-3.6.2.1778-win32.any.x86/avr8-gnu-toolchain-win32_x86/bin/../lib/gcc/avr/5.4.0/../../../../avr/lib/avr5\libprintf_flt.a(vfprintf_flt.o)
 .bss           0x00000000        0x0 c:/users/nikhil/downloads/avr8-gnu-toolchain-3.6.2.1778-win32.any.x86/avr8-gnu-toolchain-win32_x86/bin/../lib/gcc/avr/5.4.0/../../../../avr/lib/avr5\libprintf_flt.a(vfprintf_flt.o)
 .text          0x00000000        0x0 build/default/production/main.o
 .data          0x00000000        0x0 build/default/production/main.o
 .bss           0x00000000        0x0 build/default/production/main.o
 .text          0x00000000        0x0 build/default/production/lcd.o
 .data          0x00000000        0x0 build/default/production/lcd.o
 .bss           0x00000000        0x0 build/default/production/lcd.o
 .text          0x00000000        0x0 build/default/production/hd44780.o
 .data          0x00000000        0x0 build/default/production/hd44780.o
 .bss           0x00000000        0x0 build/default/production/hd44780.o
 .text.hd44780_powerdown
                0x00000000        0xe build/default/production/hd44780.o
 .text          0x00000000        0x0 c:/users/nikhil/downloads/avr8-gnu-toolchain-3.6.2.1778-win32.any.x86/avr8-gnu-toolchain-win32_x86/bin/../lib/gcc/avr/5.4.0/../../../../avr/lib/avr5\libm.a(addsf3.o)
 .data          0x00000000        0x0 c:/users/nikhil/downloads/avr8-gnu-toolchain-3.6.2.1778-win32.any.x86/avr8-gnu-toolchain-win32_x86/bin/../lib/gcc/avr/5.4.0/../../../../avr/lib/avr5\libm.a(addsf3.o)
 .bss           0x00000000        0x0 c:/users/nikhil/downloads/avr8-gnu-toolchain-3.6.2.1778-win32.any.x86/avr8-gnu-toolchain-win32_x86/bin/../lib/gcc/avr/5.4.0/../../../../avr/lib/avr5\libm.a(addsf3.o)
 .text          0x00000000        0x0 c:/users/nikhil/downloads/avr8-gnu-toolchain-3.6.2.1778-win32.any.x86/avr8-gnu-toolchain-win32_x86/bin/../lib/gcc/avr/5.4.0/../../../../avr/lib/avr5\libm.a(addsf3x.o)
 .data          0x00000000        0x0 c:/users/nikhil/downloads/avr8-gnu-toolchain-3.6.2.1778-win32.any.x86/avr8-gnu-toolchain-win32_x86/bin/../lib/gcc/avr/5.4.0/../../../../avr/lib/avr5\libm.a(addsf3x.o)
 .bss           0x00000000        0x0 c:/users/nikhil/downloads/avr8-gnu-toolchain-3.6.2.1778-win32.any.x86/avr8-gnu-toolchain-win32_x86/bin/../lib/gcc/avr/5.4.0/../../../../avr/lib/avr5\libm.a(addsf3x.o)
 .text          0x00000000        0x0 c:/users/nikhil/downloads/avr8-gnu-toolchain-3.6.2.1778-win32.any.x86/avr8-gnu-toolchain-win32_x86/bin/../lib/gcc/avr/5.4.0/../../../../avr/lib/avr5\libm.a(cmpsf2.o)
 .data          0x00000000        0x0 c:/users/nikhil/downloads/avr8-gnu-toolchain-3.6.2.1778-win32.any.x86/avr8-gnu-toolchain-win32_x86/bin/../lib/gcc/avr/5.4.0/../../../../avr/lib/avr5\libm.a(cmpsf2.o)
 .bss           0x00000000        0x0 c:/users/nikhil/downloads/avr8-gnu-toolchain-3.6.2.1778-win32.any.x86/avr8-gnu-toolchain-win32_x86/bin/../lib/gcc/avr/5.4.0/../../../../avr/lib/avr5\libm.a(cmpsf2.o)
 .text          0x00000000        0x0 c:/users/nikhil/downloads/avr8-gnu-toolchain-3.6.2.1778-win32.any.x86/avr8-gnu-toolchain-win32_x86/bin/../lib/gcc/avr/5.4.0/../../../../avr/lib/avr5\libm.a(floatsisf.o)
 .data          0x00000000        0x0 c:/users/nikhil/downloads/avr8-gnu-toolchain-3.6.2.1778-win32.any.x86/avr8-gnu-toolchain-win32_x86/bin/../lib/gcc/avr/5.4.0/../../../../avr/lib/avr5\libm.a(floatsisf.o)
 .bss           0x00000000        0x0 c:/users/nikhil/downloads/avr8-gnu-toolchain-3.6.2.1778-win32.any.x86/avr8-gnu-toolchain-win32_x86/bin/../lib/gcc/avr/5.4.0/../../../../avr/lib/avr5\libm.a(floatsisf.o)
 .text          0x00000000        0x0 c:/users/nikhil/downloads/avr8-gnu-toolchain-3.6.2.1778-win32.any.x86/avr8-gnu-toolchain-win32_x86/bin/../lib/gcc/avr/5.4.0/../../../../avr/lib/avr5\libm.a(fp_cmp.o)
 .data          0x00000000        0x0 c:/users/nikhil/downloads/avr8-gnu-toolchain-3.6.2.1778-win32.any.x86/avr8-gnu-toolchain-win32_x86/bin/../lib/gcc/avr/5.4.0/../../../../avr/lib/avr5\libm.a(fp_cmp.o)
 .bss           0x00000000        0x0 c:/users/nikhil/downloads/avr8-gnu-toolchain-3.6.2.1778-win32.any.x86/avr8-gnu-toolchain-win32_x86/bin/../lib/gcc/avr/5.4.0/../../../../avr/lib/avr5\libm.a(fp_cmp.o)
 .text          0x00000000        0x0 c:/users/nikhil/downloads/avr8-gnu-toolchain-3.6.2.1778-win32.any.x86/avr8-gnu-toolchain-win32_x86/bin/../lib/gcc/avr/5.4.0/../../../../avr/lib/avr5\libm.a(fp_inf.o)
 .data          0x00000000        0x0 c:/users/nikhil/downloads/avr8-gnu-toolchain-3.6.2.1778-win32.any.x86/avr8-gnu-toolchain-win32_x86/bin/../lib/gcc/avr/5.4.0/../../../../avr/lib/avr5\libm.a(fp_inf.o)
 .bss           0x00000000        0x0 c:/users/nikhil/downloads/avr8-gnu-toolchain-3.6.2.1778-win32.any.x86/avr8-gnu-toolchain-win32_x86/bin/../lib/gcc/avr/5.4.0/../../../../avr/lib/avr5\libm.a(fp_inf.o)
 .text          0x00000000        0x0 c:/users/nikhil/downloads/avr8-gnu-toolchain-3.6.2.1778-win32.any.x86/avr8-gnu-toolchain-win32_x86/bin/../lib/gcc/avr/5.4.0/../../../../avr/lib/avr5\libm.a(fp_nan.o)
 .data          0x00000000        0x0 c:/users/nikhil/downloads/avr8-gnu-toolchain-3.6.2.1778-win32.any.x86/avr8-gnu-toolchain-win32_x86/bin/../lib/gcc/avr/5.4.0/../../../../avr/lib/avr5\libm.a(fp_nan.o)
 .bss           0x00000000        0x0 c:/users/nikhil/downloads/avr8-gnu-toolchain-3.6.2.1778-win32.any.x86/avr8-gnu-toolchain-win32_x86/bin/../lib/gcc/avr/5.4.0/../../../../avr/lib/avr5\libm.a(fp_nan.o)
 .text          0x00000000        0x0 c:/users/nikhil/downloads/avr8-gnu-toolchain-3.6.2.1778-win32.any.x86/avr8-gnu-toolchain-win32_x86/bin/../lib/gcc/avr/5.4.0/../../../../avr/lib/avr5\libm.a(fp_pscA.o)
 .data          0x00000000        0x0 c:/users/nikhil/downloads/avr8-gnu-toolchain-3.6.2.1778-win32.any.x86/avr8-gnu-toolchain-win32_x86/bin/../lib/gcc/avr/5.4.0/../../../../avr/lib/avr5\libm.a(fp_pscA.o)
 .bss           0x00000000        0x0 c:/users/nikhil/downloads/avr8-gnu-toolchain-3.6.2.1778-win32.any.x86/avr8-gnu-toolchain-win32_x86/bin/../lib/gcc/avr/5.4.0/../../../../avr/lib/avr5\libm.a(fp_pscA.o)
 .text          0x00000000        0x0 c:/users/nikhil/downloads/avr8-gnu-toolchain-3.6.2.1778-win32.any.x86/avr8-gnu-toolchain-win32_x86/bin/../lib/gcc/avr/5.4.0/../../../../avr/lib/avr5\libm.a(fp_pscB.o)
 .data          0x00000000        0x0 c:/users/nikhil/downloads/avr8-gnu-toolchain-3.6.2.1778-win32.any.x86/avr8-gnu-toolchain-win32_x86/bin/../lib/gcc/avr/5.4.0/../../../../avr/lib/avr5\libm.a(fp_pscB.o)
 .bss           0x00000000        0x0 c:/users/nikhil/downloads/avr8-gnu-toolchain-3.6.2.1778-win32.any.x86/avr8-gnu-toolchain-win32_x86/bin/../lib/gcc/avr/5.4.0/../../../../avr/lib/avr5\libm.a(fp_pscB.o)
 .text          0x00000000        0x0 c:/users/nikhil/downloads/avr8-gnu-toolchain-3.6.2.1778-win32.any.x86/avr8-gnu-toolchain-win32_x86/bin/../lib/gcc/avr/5.4.0/../../../../avr/lib/avr5\libm.a(fp_round.o)
 .data          0x00000000        0x0 c:/users/nikhil/downloads/avr8-gnu-toolchain-3.6.2.1778-win32.any.x86/avr8-gnu-toolchain-win32_x86/bin/../lib/gcc/avr/5.4.0/../../../../avr/lib/avr5\libm.a(fp_round.o)
 .bss           0x00000000        0x0 c:/users/nikhil/downloads/avr8-gnu-toolchain-3.6.2.1778-win32.any.x86/avr8-gnu-toolchain-win32_x86/bin/../lib/gcc/avr/5.4.0/../../../../avr/lib/avr5\libm.a(fp_round.o)
 .text          0x00000000        0x0 c:/users/nikhil/downloads/avr8-gnu-toolchain-3.6.2.1778-win32.any.x86/avr8-gnu-toolchain-win32_x86/bin/../lib/gcc/avr/5.4.0/../../../../avr/lib/avr5\libm.a(fp_split3.o)
 .data          0x00000000        0x0 c:/users/nikhil/downloads/avr8-gnu-toolchain-3.6.2.1778-win32.any.x86/avr8-gnu-toolchain-win32_x86/bin/../lib/gcc/avr/5.4.0/../../../../avr/lib/avr5\libm.a(fp_split3.o)
 .bss           0x00000000        0x0 c:/users/nikhil/downloads/avr8-gnu-toolchain-3.6.2.1778-win32.any.x86/avr8-gnu-toolchain-win32_x86/bin/../lib/gcc/avr/5.4.0/../../../../avr/lib/avr5\libm.a(fp_split3.o)
 .text          0x00000000        0x0 c:/users/nikhil/downloads/avr8-gnu-toolchain-3.6.2.1778-win32.any.x86/avr8-gnu-toolchain-win32_x86/bin/../lib/gcc/avr/5.4.0/../../../../avr/lib/avr5\libm.a(fp_zero.o)
 .data          0x00000000        0x0 c:/users/nikhil/downloads/avr8-gnu-toolchain-3.6.2.1778-win32.any.x86/avr8-gnu-toolchain-win32_x86/bin/../lib/gcc/avr/5.4.0/../../../../avr/lib/avr5\libm.a(fp_zero.o)
 .bss           0x00000000        0x0 c:/users/nikhil/downloads/avr8-gnu-toolchain-3.6.2.1778-win32.any.x86/avr8-gnu-toolchain-win32_x86/bin/../lib/gcc/avr/5.4.0/../../../../avr/lib/avr5\libm.a(fp_zero.o)
 .text          0x00000000        0x0 c:/users/nikhil/downloads/avr8-gnu-toolchain-3.6.2.1778-win32.any.x86/avr8-gnu-toolchain-win32_x86/bin/../lib/gcc/avr/5.4.0/../../../../avr/lib/avr5\libm.a(gesf2.o)
 .data          0x00000000        0x0 c:/users/nikhil/downloads/avr8-gnu-toolchain-3.6.2.1778-win32.any.x86/avr8-gnu-toolchain-win32_x86/bin/../lib/gcc/avr/5.4.0/../../../../avr/lib/avr5\libm.a(gesf2.o)
 .bss           0x00000000        0x0 c:/users/nikhil/downloads/avr8-gnu-toolchain-3.6.2.1778-win32.any.x86/avr8-gnu-toolchain-win32_x86/bin/../lib/gcc/avr/5.4.0/../../../../avr/lib/avr5\libm.a(gesf2.o)
 .text          0x00000000        0x0 c:/users/nikhil/downloads/avr8-gnu-toolchain-3.6.2.1778-win32.any.x86/avr8-gnu-toolchain-win32_x86/bin/../lib/gcc/avr/5.4.0/../../../../avr/lib/avr5\libm.a(mulsf3.o)
 .data          0x00000000        0x0 c:/users/nikhil/downloads/avr8-gnu-toolchain-3.6.2.1778-win32.any.x86/avr8-gnu-toolchain-win32_x86/bin/../lib/gcc/avr/5.4.0/../../../../avr/lib/avr5\libm.a(mulsf3.o)
 .bss           0x00000000        0x0 c:/users/nikhil/downloads/avr8-gnu-toolchain-3.6.2.1778-win32.any.x86/avr8-gnu-toolchain-win32_x86/bin/../lib/gcc/avr/5.4.0/../../../../avr/lib/avr5\libm.a(mulsf3.o)
 .text          0x00000000        0x0 c:/users/nikhil/downloads/avr8-gnu-toolchain-3.6.2.1778-win32.any.x86/avr8-gnu-toolchain-win32_x86/bin/../lib/gcc/avr/5.4.0/../../../../avr/lib/avr5\libm.a(mulsf3x.o)
 .data          0x00000000        0x0 c:/users/nikhil/downloads/avr8-gnu-toolchain-3.6.2.1778-win32.any.x86/avr8-gnu-toolchain-win32_x86/bin/../lib/gcc/avr/5.4.0/../../../../avr/lib/avr5\libm.a(mulsf3x.o)
 .bss           0x00000000        0x0 c:/users/nikhil/downloads/avr8-gnu-toolchain-3.6.2.1778-win32.any.x86/avr8-gnu-toolchain-win32_x86/bin/../lib/gcc/avr/5.4.0/../../../../avr/lib/avr5\libm.a(mulsf3x.o)
 .text          0x00000000        0x0 c:/users/nikhil/downloads/avr8-gnu-toolchain-3.6.2.1778-win32.any.x86/avr8-gnu-toolchain-win32_x86/bin/../lib/gcc/avr/5.4.0/avr5\libgcc.a(_exit.o)
 .data          0x00000000        0x0 c:/users/nikhil/downloads/avr8-gnu-toolchain-3.6.2.1778-win32.any.x86/avr8-gnu-toolchain-win32_x86/bin/../lib/gcc/avr/5.4.0/avr5\libgcc.a(_exit.o)
 .bss           0x00000000        0x0 c:/users/nikhil/downloads/avr8-gnu-toolchain-3.6.2.1778-win32.any.x86/avr8-gnu-toolchain-win32_x86/bin/../lib/gcc/avr/5.4.0/avr5\libgcc.a(_exit.o)
 .text.libgcc.mul
                0x00000000        0x0 c:/users/nikhil/downloads/avr8-gnu-toolchain-3.6.2.1778-win32.any.x86/avr8-gnu-toolchain-win32_x86/bin/../lib/gcc/avr/5.4.0/avr5\libgcc.a(_exit.o)
 .text.libgcc.div
                0x00000000        0x0 c:/users/nikhil/downloads/avr8-gnu-toolchain-3.6.2.1778-win32.any.x86/avr8-gnu-toolchain-win32_x86/bin/../lib/gcc/avr/5.4.0/avr5\libgcc.a(_exit.o)
 .text.libgcc   0x00000000        0x0 c:/users/nikhil/downloads/avr8-gnu-toolchain-3.6.2.1778-win32.any.x86/avr8-gnu-toolchain-win32_x86/bin/../lib/gcc/avr/5.4.0/avr5\libgcc.a(_exit.o)
 .text.libgcc.prologue
                0x00000000        0x0 c:/users/nikhil/downloads/avr8-gnu-toolchain-3.6.2.1778-win32.any.x86/avr8-gnu-toolchain-win32_x86/bin/../lib/gcc/avr/5.4.0/avr5\libgcc.a(_exit.o)
 .text.libgcc.builtins
                0x00000000        0x0 c:/users/nikhil/downloads/avr8-gnu-toolchain-3.6.2.1778-win32.any.x86/avr8-gnu-toolchain-win32_x86/bin/../lib/gcc/avr/5.4.0/avr5\libgcc.a(_exit.o)
 .text.libgcc.fmul
                0x00000000        0x0 c:/users/nikhil/downloads/avr8-gnu-toolchain-3.6.2.1778-win32.any.x86/avr8-gnu-toolchain-win32_x86/bin/../lib/gcc/avr/5.4.0/avr5\libgcc.a(_exit.o)
 .text.libgcc.fixed
                0x00000000        0x0 c:/users/nikhil/downloads/avr8-gnu-toolchain-3.6.2.1778-win32.any.x86/avr8-gnu-toolchain-win32_x86/bin/../lib/gcc/avr/5.4.0/avr5\libgcc.a(_exit.o)
 .text          0x00000000        0x0 c:/users/nikhil/downloads/avr8-gnu-toolchain-3.6.2.1778-win32.any.x86/avr8-gnu-toolchain-win32_x86/bin/../lib/gcc/avr/5.4.0/avr5\libgcc.a(_copy_data.o)
 .data          0x00000000        0x0 c:/users/nikhil/downloads/avr8-gnu-toolchain-3.6.2.1778-win32.any.x86/avr8-gnu-toolchain-win32_x86/bin/../lib/gcc/avr/5.4.0/avr5\libgcc.a(_copy_data.o)
 .bss           0x00000000        0x0 c:/users/nikhil/downloads/avr8-gnu-toolchain-3.6.2.1778-win32.any.x86/avr8-gnu-toolchain-win32_x86/bin/../lib/gcc/avr/5.4.0/avr5\libgcc.a(_copy_data.o)
 .text.libgcc.mul
                0x00000000        0x0 c:/users/nikhil/downloads/avr8-gnu-toolchain-3.6.2.1778-win32.any.x86/avr8-gnu-toolchain-win32_x86/bin/../lib/gcc/avr/5.4.0/avr5\libgcc.a(_copy_data.o)
 .text.libgcc.div
                0x00000000        0x0 c:/users/nikhil/downloads/avr8-gnu-toolchain-3.6.2.1778-win32.any.x86/avr8-gnu-toolchain-win32_x86/bin/../lib/gcc/avr/5.4.0/avr5\libgcc.a(_copy_data.o)
 .text.libgcc   0x00000000        0x0 c:/users/nikhil/downloads/avr8-gnu-toolchain-3.6.2.1778-win32.any.x86/avr8-gnu-toolchain-win32_x86/bin/../lib/gcc/avr/5.4.0/avr5\libgcc.a(_copy_data.o)
 .text.libgcc.prologue
                0x00000000        0x0 c:/users/nikhil/downloads/avr8-gnu-toolchain-3.6.2.1778-win32.any.x86/avr8-gnu-toolchain-win32_x86/bin/../lib/gcc/avr/5.4.0/avr5\libgcc.a(_copy_data.o)
 .text.libgcc.builtins
                0x00000000        0x0 c:/users/nikhil/downloads/avr8-gnu-toolchain-3.6.2.1778-win32.any.x86/avr8-gnu-toolchain-win32_x86/bin/../lib/gcc/avr/5.4.0/avr5\libgcc.a(_copy_data.o)
 .text.libgcc.fmul
                0x00000000        0x0 c:/users/nikhil/downloads/avr8-gnu-toolchain-3.6.2.1778-win32.any.x86/avr8-gnu-toolchain-win32_x86/bin/../lib/gcc/avr/5.4.0/avr5\libgcc.a(_copy_data.o)
 .text.libgcc.fixed
                0x00000000        0x0 c:/users/nikhil/downloads/avr8-gnu-toolchain-3.6.2.1778-win32.any.x86/avr8-gnu-toolchain-win32_x86/bin/../lib/gcc/avr/5.4.0/avr5\libgcc.a(_copy_data.o)
 .text          0x00000000        0x0 c:/users/nikhil/downloads/avr8-gnu-toolchain-3.6.2.1778-win32.any.x86/avr8-gnu-toolchain-win32_x86/bin/../lib/gcc/avr/5.4.0/avr5\libgcc.a(_clear_bss.o)
 .data          0x00000000        0x0 c:/users/nikhil/downloads/avr8-gnu-toolchain-3.6.2.1778-win32.any.x86/avr8-gnu-toolchain-win32_x86/bin/../lib/gcc/avr/5.4.0/avr5\libgcc.a(_clear_bss.o)
 .bss           0x00000000        0x0 c:/users/nikhil/downloads/avr8-gnu-toolchain-3.6.2.1778-win32.any.x86/avr8-gnu-toolchain-win32_x86/bin/../lib/gcc/avr/5.4.0/avr5\libgcc.a(_clear_bss.o)
 .text.libgcc.mul
                0x00000000        0x0 c:/users/nikhil/downloads/avr8-gnu-toolchain-3.6.2.1778-win32.any.x86/avr8-gnu-toolchain-win32_x86/bin/../lib/gcc/avr/5.4.0/avr5\libgcc.a(_clear_bss.o)
 .text.libgcc.div
                0x00000000        0x0 c:/users/nikhil/downloads/avr8-gnu-toolchain-3.6.2.1778-win32.any.x86/avr8-gnu-toolchain-win32_x86/bin/../lib/gcc/avr/5.4.0/avr5\libgcc.a(_clear_bss.o)
 .text.libgcc   0x00000000        0x0 c:/users/nikhil/downloads/avr8-gnu-toolchain-3.6.2.1778-win32.any.x86/avr8-gnu-toolchain-win32_x86/bin/../lib/gcc/avr/5.4.0/avr5\libgcc.a(_clear_bss.o)
 .text.libgcc.prologue
                0x00000000        0x0 c:/users/nikhil/downloads/avr8-gnu-toolchain-3.6.2.1778-win32.any.x86/avr8-gnu-toolchain-win32_x86/bin/../lib/gcc/avr/5.4.0/avr5\libgcc.a(_clear_bss.o)
 .text.libgcc.builtins
                0x00000000        0x0 c:/users/nikhil/downloads/avr8-gnu-toolchain-3.6.2.1778-win32.any.x86/avr8-gnu-toolchain-win32_x86/bin/../lib/gcc/avr/5.4.0/avr5\libgcc.a(_clear_bss.o)
 .text.libgcc.fmul
                0x00000000        0x0 c:/users/nikhil/downloads/avr8-gnu-toolchain-3.6.2.1778-win32.any.x86/avr8-gnu-toolchain-win32_x86/bin/../lib/gcc/avr/5.4.0/avr5\libgcc.a(_clear_bss.o)
 .text.libgcc.fixed
                0x00000000        0x0 c:/users/nikhil/downloads/avr8-gnu-toolchain-3.6.2.1778-win32.any.x86/avr8-gnu-toolchain-win32_x86/bin/../lib/gcc/avr/5.4.0/avr5\libgcc.a(_clear_bss.o)
 .text          0x00000000        0x0 c:/users/nikhil/downloads/avr8-gnu-toolchain-3.6.2.1778-win32.any.x86/avr8-gnu-toolchain-win32_x86/bin/../lib/gcc/avr/5.4.0/avr5\libgcc.a(_prologue.o)
 .data          0x00000000        0x0 c:/users/nikhil/downloads/avr8-gnu-toolchain-3.6.2.1778-win32.any.x86/avr8-gnu-toolchain-win32_x86/bin/../lib/gcc/avr/5.4.0/avr5\libgcc.a(_prologue.o)
 .bss           0x00000000        0x0 c:/users/nikhil/downloads/avr8-gnu-toolchain-3.6.2.1778-win32.any.x86/avr8-gnu-toolchain-win32_x86/bin/../lib/gcc/avr/5.4.0/avr5\libgcc.a(_prologue.o)
 .text.libgcc.mul
                0x00000000        0x0 c:/users/nikhil/downloads/avr8-gnu-toolchain-3.6.2.1778-win32.any.x86/avr8-gnu-toolchain-win32_x86/bin/../lib/gcc/avr/5.4.0/avr5\libgcc.a(_prologue.o)
 .text.libgcc.div
                0x00000000        0x0 c:/users/nikhil/downloads/avr8-gnu-toolchain-3.6.2.1778-win32.any.x86/avr8-gnu-toolchain-win32_x86/bin/../lib/gcc/avr/5.4.0/avr5\libgcc.a(_prologue.o)
 .text.libgcc   0x00000000        0x0 c:/users/nikhil/downloads/avr8-gnu-toolchain-3.6.2.1778-win32.any.x86/avr8-gnu-toolchain-win32_x86/bin/../lib/gcc/avr/5.4.0/avr5\libgcc.a(_prologue.o)
 .text.libgcc.builtins
                0x00000000        0x0 c:/users/nikhil/downloads/avr8-gnu-toolchain-3.6.2.1778-win32.any.x86/avr8-gnu-toolchain-win32_x86/bin/../lib/gcc/avr/5.4.0/avr5\libgcc.a(_prologue.o)
 .text.libgcc.fmul
                0x00000000        0x0 c:/users/nikhil/downloads/avr8-gnu-toolchain-3.6.2.1778-win32.any.x86/avr8-gnu-toolchain-win32_x86/bin/../lib/gcc/avr/5.4.0/avr5\libgcc.a(_prologue.o)
 .text.libgcc.fixed
                0x00000000        0x0 c:/users/nikhil/downloads/avr8-gnu-toolchain-3.6.2.1778-win32.any.x86/avr8-gnu-toolchain-win32_x86/bin/../lib/gcc/avr/5.4.0/avr5\libgcc.a(_prologue.o)
 .text          0x00000000        0x0 c:/users/nikhil/downloads/avr8-gnu-toolchain-3.6.2.1778-win32.any.x86/avr8-gnu-toolchain-win32_x86/bin/../lib/gcc/avr/5.4.0/avr5\libgcc.a(_epilogue.o)
 .data          0x00000000        0x0 c:/users/nikhil/downloads/avr8-gnu-toolchain-3.6.2.1778-win32.any.x86/avr8-gnu-toolchain-win32_x86/bin/../lib/gcc/avr/5.4.0/avr5\libgcc.a(_epilogue.o)
 .bss           0x00000000        0x0 c:/users/nikhil/downloads/avr8-gnu-toolchain-3.6.2.1778-win32.any.x86/avr8-gnu-toolchain-win32_x86/bin/../lib/gcc/avr/5.4.0/avr5\libgcc.a(_epilogue.o)
 .text.libgcc.mul
                0x00000000        0x0 c:/users/nikhil/downloads/avr8-gnu-toolchain-3.6.2.1778-win32.any.x86/avr8-gnu-toolchain-win32_x86/bin/../lib/gcc/avr/5.4.0/avr5\libgcc.a(_epilogue.o)
 .text.libgcc.div
                0x00000000        0x0 c:/users/nikhil/downloads/avr8-gnu-toolchain-3.6.2.1778-win32.any.x86/avr8-gnu-toolchain-win32_x86/bin/../lib/gcc/avr/5.4.0/avr5\libgcc.a(_epilogue.o)
 .text.libgcc   0x00000000        0x0 c:/users/nikhil/downloads/avr8-gnu-toolchain-3.6.2.1778-win32.any.x86/avr8-gnu-toolchain-win32_x86/bin/../lib/gcc/avr/5.4.0/avr5\libgcc.a(_epilogue.o)
 .text.libgcc.builtins
                0x00000000        0x0 c:/users/nikhil/downloads/avr8-gnu-toolchain-3.6.2.1778-win32.any.x86/avr8-gnu-toolchain-win32_x86/bin/../lib/gcc/avr/5.4.0/avr5\libgcc.a(_epilogue.o)
 .text.libgcc.fmul
                0x00000000        0x0 c:/users/nikhil/downloads/avr8-gnu-toolchain-3.6.2.1778-win32.any.x86/avr8-gnu-toolchain-win32_x86/bin/../lib/gcc/avr/5.4.0/avr5\libgcc.a(_epilogue.o)
 .text.libgcc.fixed
                0x00000000        0x0 c:/users/nikhil/downloads/avr8-gnu-toolchain-3.6.2.1778-win32.any.x86/avr8-gnu-toolchain-win32_x86/bin/../lib/gcc/avr/5.4.0/avr5\libgcc.a(_epilogue.o)
 .text          0x00000000        0x0 c:/users/nikhil/downloads/avr8-gnu-toolchain-3.6.2.1778-win32.any.x86/avr8-gnu-toolchain-win32_x86/bin/../lib/gcc/avr/5.4.0/../../../../avr/lib/avr5\libc.a(ftoa_engine.o)
 .data          0x00000000        0x0 c:/users/nikhil/downloads/avr8-gnu-toolchain-3.6.2.1778-win32.any.x86/avr8-gnu-toolchain-win32_x86/bin/../lib/gcc/avr/5.4.0/../../../../avr/lib/avr5\libc.a(ftoa_engine.o)
 .bss           0x00000000        0x0 c:/users/nikhil/downloads/avr8-gnu-toolchain-3.6.2.1778-win32.any.x86/avr8-gnu-toolchain-win32_x86/bin/../lib/gcc/avr/5.4.0/../../../../avr/lib/avr5\libc.a(ftoa_engine.o)
 .text          0x00000000        0x0 c:/users/nikhil/downloads/avr8-gnu-toolchain-3.6.2.1778-win32.any.x86/avr8-gnu-toolchain-win32_x86/bin/../lib/gcc/avr/5.4.0/../../../../avr/lib/avr5\libc.a(strnlen_P.o)
 .data          0x00000000        0x0 c:/users/nikhil/downloads/avr8-gnu-toolchain-3.6.2.1778-win32.any.x86/avr8-gnu-toolchain-win32_x86/bin/../lib/gcc/avr/5.4.0/../../../../avr/lib/avr5\libc.a(strnlen_P.o)
 .bss           0x00000000        0x0 c:/users/nikhil/downloads/avr8-gnu-toolchain-3.6.2.1778-win32.any.x86/avr8-gnu-toolchain-win32_x86/bin/../lib/gcc/avr/5.4.0/../../../../avr/lib/avr5\libc.a(strnlen_P.o)
 .text          0x00000000        0x0 c:/users/nikhil/downloads/avr8-gnu-toolchain-3.6.2.1778-win32.any.x86/avr8-gnu-toolchain-win32_x86/bin/../lib/gcc/avr/5.4.0/../../../../avr/lib/avr5\libc.a(strnlen.o)
 .data          0x00000000        0x0 c:/users/nikhil/downloads/avr8-gnu-toolchain-3.6.2.1778-win32.any.x86/avr8-gnu-toolchain-win32_x86/bin/../lib/gcc/avr/5.4.0/../../../../avr/lib/avr5\libc.a(strnlen.o)
 .bss           0x00000000        0x0 c:/users/nikhil/downloads/avr8-gnu-toolchain-3.6.2.1778-win32.any.x86/avr8-gnu-toolchain-win32_x86/bin/../lib/gcc/avr/5.4.0/../../../../avr/lib/avr5\libc.a(strnlen.o)
 .text          0x00000000        0x0 c:/users/nikhil/downloads/avr8-gnu-toolchain-3.6.2.1778-win32.any.x86/avr8-gnu-toolchain-win32_x86/bin/../lib/gcc/avr/5.4.0/../../../../avr/lib/avr5\libc.a(fprintf.o)
 .data          0x00000000        0x0 c:/users/nikhil/downloads/avr8-gnu-toolchain-3.6.2.1778-win32.any.x86/avr8-gnu-toolchain-win32_x86/bin/../lib/gcc/avr/5.4.0/../../../../avr/lib/avr5\libc.a(fprintf.o)
 .bss           0x00000000        0x0 c:/users/nikhil/downloads/avr8-gnu-toolchain-3.6.2.1778-win32.any.x86/avr8-gnu-toolchain-win32_x86/bin/../lib/gcc/avr/5.4.0/../../../../avr/lib/avr5\libc.a(fprintf.o)
 .text          0x00000000        0x0 c:/users/nikhil/downloads/avr8-gnu-toolchain-3.6.2.1778-win32.any.x86/avr8-gnu-toolchain-win32_x86/bin/../lib/gcc/avr/5.4.0/../../../../avr/lib/avr5\libc.a(fputc.o)
 .data          0x00000000        0x0 c:/users/nikhil/downloads/avr8-gnu-toolchain-3.6.2.1778-win32.any.x86/avr8-gnu-toolchain-win32_x86/bin/../lib/gcc/avr/5.4.0/../../../../avr/lib/avr5\libc.a(fputc.o)
 .bss           0x00000000        0x0 c:/users/nikhil/downloads/avr8-gnu-toolchain-3.6.2.1778-win32.any.x86/avr8-gnu-toolchain-win32_x86/bin/../lib/gcc/avr/5.4.0/../../../../avr/lib/avr5\libc.a(fputc.o)
 .text          0x00000000        0x0 c:/users/nikhil/downloads/avr8-gnu-toolchain-3.6.2.1778-win32.any.x86/avr8-gnu-toolchain-win32_x86/bin/../lib/gcc/avr/5.4.0/../../../../avr/lib/avr5\libc.a(fwrite.o)
 .data          0x00000000        0x0 c:/users/nikhil/downloads/avr8-gnu-toolchain-3.6.2.1778-win32.any.x86/avr8-gnu-toolchain-win32_x86/bin/../lib/gcc/avr/5.4.0/../../../../avr/lib/avr5\libc.a(fwrite.o)
 .bss           0x00000000        0x0 c:/users/nikhil/downloads/avr8-gnu-toolchain-3.6.2.1778-win32.any.x86/avr8-gnu-toolchain-win32_x86/bin/../lib/gcc/avr/5.4.0/../../../../avr/lib/avr5\libc.a(fwrite.o)
 .text          0x00000000        0x0 c:/users/nikhil/downloads/avr8-gnu-toolchain-3.6.2.1778-win32.any.x86/avr8-gnu-toolchain-win32_x86/bin/../lib/gcc/avr/5.4.0/../../../../avr/lib/avr5\libc.a(ultoa_invert.o)
 .data          0x00000000        0x0 c:/users/nikhil/downloads/avr8-gnu-toolchain-3.6.2.1778-win32.any.x86/avr8-gnu-toolchain-win32_x86/bin/../lib/gcc/avr/5.4.0/../../../../avr/lib/avr5\libc.a(ultoa_invert.o)
 .bss           0x00000000        0x0 c:/users/nikhil/downloads/avr8-gnu-toolchain-3.6.2.1778-win32.any.x86/avr8-gnu-toolchain-win32_x86/bin/../lib/gcc/avr/5.4.0/../../../../avr/lib/avr5\libc.a(ultoa_invert.o)

Memory Configuration

Name             Origin             Length             Attributes
text             0x00000000         0x00008000         xr
data             0x00800100         0x00000800         rw !x
eeprom           0x00810000         0x00000400         rw !x
fuse             0x00820000         0x00000003         rw !x
lock             0x00830000         0x00000400         rw !x
signature        0x00840000         0x00000400         rw !x
user_signatures  0x00850000         0x00000400         rw !x
*default*        0x00000000         0xffffffff

Linker script and memory map

Address of section .data set to 0x800100
LOAD C:/Program Files/Microchip/MPLABX/v5.50/packs/Microchip/ATmega_DFP/2.3.126/gcc/dev/atmega328p/avr5/crtatmega328p.o
LOAD c:/users/nikhil/downloads/avr8-gnu-toolchain-3.6.2.1778-win32.any.x86/avr8-gnu-toolchain-win32_x86/bin/../lib/gcc/avr/5.4.0/../../../../avr/lib/avr5\libprintf_flt.a
LOAD c:/users/nikhil/downloads/avr8-gnu-toolchain-3.6.2.1778-win32.any.x86/avr8-gnu-toolchain-win32_x86/bin/../lib/gcc/avr/5.4.0/../../../../avr/lib/avr5\libm.a
LOAD build/default/production/main.o
LOAD build/default/production/lcd.o
LOAD build/default/production/hd44780.o
                0x00000001                __MPLAB_BUILD = 0x1
START GROUP
LOAD c:/users/nikhil/downloads/avr8-gnu-toolchain-3.6.2.1778-win32.any.x86/avr8-gnu-toolchain-win32_x86/bin/../lib/gcc/avr/5.4.0/../../../../avr/lib/avr5\libm.a
END GROUP
START GROUP
LOAD c:/users/nikhil/downloads/avr8-gnu-toolchain-3.6.2.1778-win32.any.x86/avr8-gnu-toolchain-win32_x86/bin/../lib/gcc/avr/5.4.0/avr5\libgcc.a
LOAD c:/users/nikhil/downloads/avr8-gnu-toolchain-3.6.2.1778-win32.any.x86/avr8-gnu-toolchain-win32_x86/bin/../lib/gcc/avr/5.4.0/../../../../avr/lib/avr5\libm.a
LOAD c:/users/nikhil/downloads/avr8-gnu-toolchain-3.6.2.1778-win32.any.x86/avr8-gnu-toolchain-win32_x86/bin/../lib/gcc/avr/5.4.0/../../../../avr/lib/avr5\libc.a
LOAD C:/Program Files/Microchip/MPLABX/v5.50/packs/Microchip/ATmega_DFP/2.3.126/gcc/dev/atmega328p/avr5\libatmega328p.a
END GROUP
                0x00000000                __TEXT_REGION_ORIGIN__ = DEFINED (__TEXT_REGION_ORIGIN__)?__TEXT_REGION_ORIGIN__:0x0
                [0x00800100]                __DATA_REGION_ORIGIN__ = DEFINED (__DATA_REGION_ORIGIN__)?__DATA_REGION_ORIGIN__:0x800060
                [0x00008000]                __TEXT_REGION_LENGTH__ = DEFINED (__TEXT_REGION_LENGTH__)?__TEXT_REGION_LENGTH__:0x20000
                [0x00000800]                __DATA_REGION_LENGTH__ = DEFINED (__DATA_REGION_LENGTH__)?__DATA_REGION_LENGTH__:0xffa0
                [0x00000400]                __EEPROM_REGION_LENGTH__ = DEFINED (__EEPROM_REGION_LENGTH__)?__EEPROM_REGION_LENGTH__:0x10000
                [0x00000003]                __FUSE_REGION_LENGTH__ = DEFINED (__FUSE_REGION_LENGTH__)?__FUSE_REGION_LENGTH__:0x400
                0x00000400                __LOCK_REGION_LENGTH__ = DEFINED (__LOCK_REGION_LENGTH__)?__LOCK_REGION_LENGTH__:0x400
                0x00000400                __SIGNATURE_REGION_LENGTH__ = DEFINED (__SIGNATURE_REGION_LENGTH__)?__SIGNATURE_REGION_LENGTH__:0x400
                0x00000400                __USER_SIGNATURE_REGION_LENGTH__ = DEFINED (__USER_SIGNATURE_REGION_LENGTH__)?__USER_SIGNATURE_REGION_LENGTH__:0x400

.hash
 *(.hash)

.dynsym
 *(.dynsym)

.dynstr
 *(.dynstr)

.gnu.version
 *(.gnu.version)

.gnu.version_d
 *(.gnu.version_d)

.gnu.version_r
 *(.gnu.version_r)

.rel.init
 *(.rel.init)

.rela.init
 *(.rela.init)

.rel.text
 *(.rel.text)
 *(.rel.text.*)
 *(.rel.gnu.linkonce.t*)

.rela.text
 *(.rela.text)
 *(.rela.text.*)
 *(.rela.gnu.linkonce.t*)

.rel.fini
 *(.rel.fini)

.rela.fini
 *(.rela.fini)

.rel.rodata
 *(.rel.rodata)
 *(.rel.rodata.*)
 *(.rel.gnu.linkonce.r*)

.rela.rodata
 *(.rela.rodata)
 *(.rela.rodata.*)
 *(.rela.gnu.linkonce.r*)

.rel.data
 *(.rel.data)
 *(.rel.data.*)
 *(.rel.gnu.linkonce.d*)

.rela.data
 *(.rela.data)
 *(.rela.data.*)
 *(.rela.gnu.linkonce.d*)

.rel.ctors
 *(.rel.ctors)

.rela.ctors
 *(.rela.ctors)

.rel.dtors
 *(.rel.dtors)

.rela.dtors
 *(.rela.dtors)

.rel.got
 *(.rel.got)

.rela.got
 *(.rela.got)

.rel.bss
 *(.rel.bss)

.rela.bss
 *(.rela.bss)

.rel.plt
 *(.rel.plt)

.rela.plt
 *(.rela.plt)

.text           0x00000000     0x161c
 *(.vectors)
 .vectors       0x00000000       0x68 C:/Program Files/Microchip/MPLABX/v5.50/packs/Microchip/ATmega_DFP/2.3.126/gcc/dev/atmega328p/avr5/crtatmega328p.o
                0x00000000                __vector_default
                0x00000000                __vectors
 *(.vectors)
 *(.progmem.gcc*)
                0x00000068                . = ALIGN (0x2)
                0x00000068                __trampolines_start = .
 *(.trampolines)
 .trampolines   0x00000068        0x0 linker stubs
 *(.trampolines*)
                0x00000068                __trampolines_end = .
 *libprintf_flt.a:*(.progmem.data)
 .progmem.data  0x00000068        0x8 c:/users/nikhil/downloads/avr8-gnu-toolchain-3.6.2.1778-win32.any.x86/avr8-gnu-toolchain-win32_x86/bin/../lib/gcc/avr/5.4.0/../../../../avr/lib/avr5\libprintf_flt.a(vfprintf_flt.o)
 *libc.a:*(.progmem.data)
 .progmem.data  0x00000070       0xfa c:/users/nikhil/downloads/avr8-gnu-toolchain-3.6.2.1778-win32.any.x86/avr8-gnu-toolchain-win32_x86/bin/../lib/gcc/avr/5.4.0/../../../../avr/lib/avr5\libc.a(ftoa_engine.o)
 *(.progmem*)
                0x0000016a                . = ALIGN (0x2)
 *(.jumptables)
 *(.jumptables*)
 *(.lowtext)
 *(.lowtext*)
                0x0000016a                __ctors_start = .
 *(.ctors)
                0x0000016a                __ctors_end = .
                0x0000016a                __dtors_start = .
 *(.dtors)
                0x0000016a                __dtors_end = .
 SORT(*)(.ctors)
 SORT(*)(.dtors)
 *(.init0)
 .init0         0x0000016a        0x0 C:/Program Files/Microchip/MPLABX/v5.50/packs/Microchip/ATmega_DFP/2.3.126/gcc/dev/atmega328p/avr5/crtatmega328p.o
                0x0000016a                __init
 *(.init0)
 *(.init1)
 *(.init1)
 *(.init2)
 .init2         0x0000016a        0xc C:/Program Files/Microchip/MPLABX/v5.50/packs/Microchip/ATmega_DFP/2.3.126/gcc/dev/atmega328p/avr5/crtatmega328p.o
 *(.init2)
 *(.init3)
 *(.init3)
 *(.init4)
 .init4         0x00000176       0x16 c:/users/nikhil/downloads/avr8-gnu-toolchain-3.6.2.1778-win32.any.x86/avr8-gnu-toolchain-win32_x86/bin/../lib/gcc/avr/5.4.0/avr5\libgcc.a(_copy_data.o)
                0x00000176                __do_copy_data
 .init4         0x0000018c       0x10 c:/users/nikhil/downloads/avr8-gnu-toolchain-3.6.2.1778-win32.any.x86/avr8-gnu-toolchain-win32_x86/bin/../lib/gcc/avr/5.4.0/avr5\libgcc.a(_clear_bss.o)
                0x0000018c                __do_clear_bss
 *(.init4)
 *(.init5)
 *(.init5)
 *(.init6)
 *(.init6)
 *(.init7)
 *(.init7)
 *(.init8)
 *(.init8)
 *(.init9)
 .init9         0x0000019c        0x8 C:/Program Files/Microchip/MPLABX/v5.50/packs/Microchip/ATmega_DFP/2.3.126/gcc/dev/atmega328p/avr5/crtatmega328p.o
 *(.init9)
 *(.text)
 .text          0x000001a4        0x4 C:/Program Files/Microchip/MPLABX/v5.50/packs/Microchip/ATmega_DFP/2.3.126/gcc/dev/atmega328p/avr5/crtatmega328p.o
                0x000001a4                __vector_22
                0x000001a4                __vector_1
                0x000001a4                __vector_24
                0x000001a4                __vector_12
                0x000001a4                __bad_interrupt
                0x000001a4                __vector_6
                0x000001a4                __vector_3
                0x000001a4                __vector_23
                0x000001a4                __vector_25
                0x000001a4                __vector_11
                0x000001a4                __vector_13
                0x000001a4                __vector_17
                0x000001a4                __vector_19
                0x000001a4                __vector_7
                0x000001a4                __vector_5
                0x000001a4                __vector_4
                0x000001a4                __vector_9
                0x000001a4                __vector_2
                0x000001a4                __vector_21
                0x000001a4                __vector_15
                0x000001a4                __vector_8
                0x000001a4                __vector_14
                0x000001a4                __vector_10
                0x000001a4                __vector_16
                0x000001a4                __vector_18
                0x000001a4                __vector_20
                0x000001a8                . = ALIGN (0x2)
 *(.text.*)
 .text.avr-libc
                0x000001a8      0x6fa c:/users/nikhil/downloads/avr8-gnu-toolchain-3.6.2.1778-win32.any.x86/avr8-gnu-toolchain-win32_x86/bin/../lib/gcc/avr/5.4.0/../../../../avr/lib/avr5\libprintf_flt.a(vfprintf_flt.o)
                0x000001a8                vfprintf
 .text.sensor_external
                0x000008a2       0x5c build/default/production/main.o
                0x000008a2                sensor_external
 .text.sensor_internal
                0x000008fe       0x42 build/default/production/main.o
                0x000008fe                sensor_internal
 .text.furnace1
                0x00000940      0x12c build/default/production/main.o
                0x00000940                furnace1
 .text.input    0x00000a6c       0xc4 build/default/production/main.o
                0x00000a6c                input
 .text.print    0x00000b30      0x1c8 build/default/production/main.o
                0x00000b30                print
 .text.main     0x00000cf8       0x62 build/default/production/main.o
                0x00000cf8                main
 .text.lcd_init
                0x00000d5a       0x30 build/default/production/lcd.o
                0x00000d5a                lcd_init
 .text.lcd_putchar
                0x00000d8a       0x4c build/default/production/lcd.o
                0x00000d8a                lcd_putchar
 .text.hd44780_outnibble
                0x00000dd6       0x22 build/default/production/hd44780.o
 .text.hd44780_innibble
                0x00000df8       0x28 build/default/production/hd44780.o
 .text.hd44780_outbyte
                0x00000e20       0x20 build/default/production/hd44780.o
                0x00000e20                hd44780_outbyte
 .text.hd44780_inbyte
                0x00000e40       0x1e build/default/production/hd44780.o
                0x00000e40                hd44780_inbyte
 .text.hd44780_wait_ready
                0x00000e5e        0xc build/default/production/hd44780.o
                0x00000e5e                hd44780_wait_ready
 .text.hd44780_init
                0x00000e6a       0x78 build/default/production/hd44780.o
                0x00000e6a                hd44780_init
 .text.avr-libc.fplib
                0x00000ee2        0xe c:/users/nikhil/downloads/avr8-gnu-toolchain-3.6.2.1778-win32.any.x86/avr8-gnu-toolchain-win32_x86/bin/../lib/gcc/avr/5.4.0/../../../../avr/lib/avr5\libm.a(addsf3.o)
                0x00000ee2                __subsf3
                0x00000ee4                __addsf3
 .text.avr-libc.fplib
                0x00000ef0       0xcc c:/users/nikhil/downloads/avr8-gnu-toolchain-3.6.2.1778-win32.any.x86/avr8-gnu-toolchain-win32_x86/bin/../lib/gcc/avr/5.4.0/../../../../avr/lib/avr5\libm.a(addsf3x.o)
                0x00000f12                __addsf3x
 .text.avr-libc.fplib
                0x00000fbc        0xa c:/users/nikhil/downloads/avr8-gnu-toolchain-3.6.2.1778-win32.any.x86/avr8-gnu-toolchain-win32_x86/bin/../lib/gcc/avr/5.4.0/../../../../avr/lib/avr5\libm.a(cmpsf2.o)
                0x00000fbc                __nesf2
                0x00000fbc                __eqsf2
                0x00000fbc                __cmpsf2
                0x00000fbc                __ltsf2
                0x00000fbc                __lesf2
 .text.avr-libc.fplib
                0x00000fc6       0x7a c:/users/nikhil/downloads/avr8-gnu-toolchain-3.6.2.1778-win32.any.x86/avr8-gnu-toolchain-win32_x86/bin/../lib/gcc/avr/5.4.0/../../../../avr/lib/avr5\libm.a(floatsisf.o)
                0x00000fc6                __floatunsisf
                0x00000fca                __floatsisf
 .text.avr-libc.fplib
                0x00001040       0x48 c:/users/nikhil/downloads/avr8-gnu-toolchain-3.6.2.1778-win32.any.x86/avr8-gnu-toolchain-win32_x86/bin/../lib/gcc/avr/5.4.0/../../../../avr/lib/avr5\libm.a(fp_cmp.o)
                0x00001040                __fp_cmp
 .text.avr-libc.fplib
                0x00001088        0xc c:/users/nikhil/downloads/avr8-gnu-toolchain-3.6.2.1778-win32.any.x86/avr8-gnu-toolchain-win32_x86/bin/../lib/gcc/avr/5.4.0/../../../../avr/lib/avr5\libm.a(fp_inf.o)
                0x00001088                __fp_inf
 .text.avr-libc.fplib
                0x00001094        0x6 c:/users/nikhil/downloads/avr8-gnu-toolchain-3.6.2.1778-win32.any.x86/avr8-gnu-toolchain-win32_x86/bin/../lib/gcc/avr/5.4.0/../../../../avr/lib/avr5\libm.a(fp_nan.o)
                0x00001094                __fp_nan
 .text.avr-libc.fplib
                0x0000109a        0xe c:/users/nikhil/downloads/avr8-gnu-toolchain-3.6.2.1778-win32.any.x86/avr8-gnu-toolchain-win32_x86/bin/../lib/gcc/avr/5.4.0/../../../../avr/lib/avr5\libm.a(fp_pscA.o)
                0x0000109a                __fp_pscA
 .text.avr-libc.fplib
                0x000010a8        0xe c:/users/nikhil/downloads/avr8-gnu-toolchain-3.6.2.1778-win32.any.x86/avr8-gnu-toolchain-win32_x86/bin/../lib/gcc/avr/5.4.0/../../../../avr/lib/avr5\libm.a(fp_pscB.o)
                0x000010a8                __fp_pscB
 .text.avr-libc.fplib
                0x000010b6       0x22 c:/users/nikhil/downloads/avr8-gnu-toolchain-3.6.2.1778-win32.any.x86/avr8-gnu-toolchain-win32_x86/bin/../lib/gcc/avr/5.4.0/../../../../avr/lib/avr5\libm.a(fp_round.o)
                0x000010b6                __fp_round
 .text.avr-libc.fplib
                0x000010d8       0x44 c:/users/nikhil/downloads/avr8-gnu-toolchain-3.6.2.1778-win32.any.x86/avr8-gnu-toolchain-win32_x86/bin/../lib/gcc/avr/5.4.0/../../../../avr/lib/avr5\libm.a(fp_split3.o)
                0x000010d8                __fp_split3
                0x000010e8                __fp_splitA
 .text.avr-libc.fplib
                0x0000111c        0xe c:/users/nikhil/downloads/avr8-gnu-toolchain-3.6.2.1778-win32.any.x86/avr8-gnu-toolchain-win32_x86/bin/../lib/gcc/avr/5.4.0/../../../../avr/lib/avr5\libm.a(fp_zero.o)
                0x0000111c                __fp_zero
                0x0000111e                __fp_szero
 .text.avr-libc.fplib
                0x0000112a        0xa c:/users/nikhil/downloads/avr8-gnu-toolchain-3.6.2.1778-win32.any.x86/avr8-gnu-toolchain-win32_x86/bin/../lib/gcc/avr/5.4.0/../../../../avr/lib/avr5\libm.a(gesf2.o)
                0x0000112a                __gesf2
                0x0000112a                __gtsf2
 .text.avr-libc.fplib
                0x00001134        0x8 c:/users/nikhil/downloads/avr8-gnu-toolchain-3.6.2.1778-win32.any.x86/avr8-gnu-toolchain-win32_x86/bin/../lib/gcc/avr/5.4.0/../../../../avr/lib/avr5\libm.a(mulsf3.o)
                0x00001134                __mulsf3
 .text.avr-libc.fplib
                0x0000113c       0xd2 c:/users/nikhil/downloads/avr8-gnu-toolchain-3.6.2.1778-win32.any.x86/avr8-gnu-toolchain-win32_x86/bin/../lib/gcc/avr/5.4.0/../../../../avr/lib/avr5\libm.a(mulsf3x.o)
                0x0000115a                __mulsf3x
                0x00001160                __mulsf3_pse
 .text.libgcc.prologue
                0x0000120e       0x38 c:/users/nikhil/downloads/avr8-gnu-toolchain-3.6.2.1778-win32.any.x86/avr8-gnu-toolchain-win32_x86/bin/../lib/gcc/avr/5.4.0/avr5\libgcc.a(_prologue.o)
                0x0000120e                __prologue_saves__
 .text.libgcc.prologue
                0x00001246       0x36 c:/users/nikhil/downloads/avr8-gnu-toolchain-3.6.2.1778-win32.any.x86/avr8-gnu-toolchain-win32_x86/bin/../lib/gcc/avr/5.4.0/avr5\libgcc.a(_epilogue.o)
                0x00001246                __epilogue_restores__
 .text.avr-libc
                0x0000127c      0x1b0 c:/users/nikhil/downloads/avr8-gnu-toolchain-3.6.2.1778-win32.any.x86/avr8-gnu-toolchain-win32_x86/bin/../lib/gcc/avr/5.4.0/../../../../avr/lib/avr5\libc.a(ftoa_engine.o)
                0x0000127c                __ftoa_engine
 .text.avr-libc
                0x0000142c       0x16 c:/users/nikhil/downloads/avr8-gnu-toolchain-3.6.2.1778-win32.any.x86/avr8-gnu-toolchain-win32_x86/bin/../lib/gcc/avr/5.4.0/../../../../avr/lib/avr5\libc.a(strnlen_P.o)
                0x0000142c                strnlen_P
 .text.avr-libc
                0x00001442       0x16 c:/users/nikhil/downloads/avr8-gnu-toolchain-3.6.2.1778-win32.any.x86/avr8-gnu-toolchain-win32_x86/bin/../lib/gcc/avr/5.4.0/../../../../avr/lib/avr5\libc.a(strnlen.o)
                0x00001442                strnlen
 .text.avr-libc
                0x00001458       0x24 c:/users/nikhil/downloads/avr8-gnu-toolchain-3.6.2.1778-win32.any.x86/avr8-gnu-toolchain-win32_x86/bin/../lib/gcc/avr/5.4.0/../../../../avr/lib/avr5\libc.a(fprintf.o)
                0x00001458                fprintf
 .text.avr-libc
                0x0000147c       0x78 c:/users/nikhil/downloads/avr8-gnu-toolchain-3.6.2.1778-win32.any.x86/avr8-gnu-toolchain-win32_x86/bin/../lib/gcc/avr/5.4.0/../../../../avr/lib/avr5\libc.a(fputc.o)
                0x0000147c                fputc
 .text.avr-libc
                0x000014f4       0x68 c:/users/nikhil/downloads/avr8-gnu-toolchain-3.6.2.1778-win32.any.x86/avr8-gnu-toolchain-win32_x86/bin/../lib/gcc/avr/5.4.0/../../../../avr/lib/avr5\libc.a(fwrite.o)
                0x000014f4                fwrite
 .text.avr-libc
                0x0000155c       0xbc c:/users/nikhil/downloads/avr8-gnu-toolchain-3.6.2.1778-win32.any.x86/avr8-gnu-toolchain-win32_x86/bin/../lib/gcc/avr/5.4.0/../../../../avr/lib/avr5\libc.a(ultoa_invert.o)
                0x0000155c                __ultoa_invert
                0x00001618                . = ALIGN (0x2)
 *(.fini9)
 .fini9         0x00001618        0x0 c:/users/nikhil/downloads/avr8-gnu-toolchain-3.6.2.1778-win32.any.x86/avr8-gnu-toolchain-win32_x86/bin/../lib/gcc/avr/5.4.0/avr5\libgcc.a(_exit.o)
                0x00001618                _exit
                0x00001618                exit
 *(.fini9)
 *(.fini8)
 *(.fini8)
 *(.fini7)
 *(.fini7)
 *(.fini6)
 *(.fini6)
 *(.fini5)
 *(.fini5)
 *(.fini4)
 *(.fini4)
 *(.fini3)
 *(.fini3)
 *(.fini2)
 *(.fini2)
 *(.fini1)
 *(.fini1)
 *(.fini0)
 .fini0         0x00001618        0x4 c:/users/nikhil/downloads/avr8-gnu-toolchain-3.6.2.1778-win32.any.x86/avr8-gnu-toolchain-win32_x86/bin/../lib/gcc/avr/5.4.0/avr5\libgcc.a(_exit.o)
 *(.fini0)
                0x0000161c                _etext = .

.data           0x00800100       0x46 load address 0x0000161c
                0x00800100                PROVIDE (__data_start, .)
 *(.data)
 *(.data*)
 .data.temp_std
                0x00800100        0x4 build/default/production/main.o
                0x00800100                temp_std
 .data.lcd_str  0x00800104        0xe build/default/production/main.o
                0x00800104                lcd_str
 *(.gnu.linkonce.d*)
 *(.rodata)
 *(.rodata*)
 .rodata.str1.1
                0x00800112       0x33 build/default/production/main.o
                                 0x3a (size before relaxing)
 *(.gnu.linkonce.r*)
                0x00800146                . = ALIGN (0x2)
 *fill*         0x00800145        0x1 
                0x00800146                _edata = .
                0x00800146                PROVIDE (__data_end, .)

.bss            0x00800146        0xd
                0x00800146                PROVIDE (__bss_start, .)
 *(.bss)
 *(.bss*)
 .bss.esc_seen.1954
                0x00800146        0x1 build/default/production/lcd.o
 *(COMMON)
 COMMON         0x00800147        0xc build/default/production/main.o
                0x00800147                furnace
                0x00800149                mode
                0x0080014b                E
                0x0080014f                I
                0x00800153                PROVIDE (__bss_end, .)
                0x0000161c                __data_load_start = LOADADDR (.data)
                0x00001662                __data_load_end = (__data_load_start + SIZEOF (.data))

.noinit         0x00800153        0x0
                [!provide]                PROVIDE (__noinit_start, .)
 *(.noinit*)
                [!provide]                PROVIDE (__noinit_end, .)
                0x00800153                _end = .
                [!provide]                PROVIDE (__heap_start, .)

.eeprom         0x00810000        0x0
 *(.eeprom*)
                0x00810000                __eeprom_end = .

.fuse
 *(.fuse)
 *(.lfuse)
 *(.hfuse)
 *(.efuse)

.lock
 *(.lock*)

.signature
 *(.signature*)

.user_signatures
 *(.user_signatures*)

.stab
 *(.stab)

.stabstr
 *(.stabstr)

.stab.excl
 *(.stab.excl)

.stab.exclstr
 *(.stab.exclstr)

.stab.index
 *(.stab.index)

.stab.indexstr
 *(.stab.indexstr)

.comment        0x00000000       0x5c
 *(.comment)
 .comment       0x00000000       0x2c c:/users/nikhil/downloads/avr8-gnu-toolchain-3.6.2.1778-win32.any.x86/avr8-gnu-toolchain-win32_x86/bin/../lib/gcc/avr/5.4.0/../../../../avr/lib/avr5\libprintf_flt.a(vfprintf_flt.o)
                                 0x2d (size before relaxing)
 .comment       0x0000002c       0x30 build/default/production/main.o
                                 0x31 (size before relaxing)
 .comment       0x0000005c       0x31 build/default/production/lcd.o
 .comment       0x0000005c       0x31 build/default/production/hd44780.o
 .comment       0x0000005c       0x31 c:/users/nikhil/downloads/avr8-gnu-toolchain-3.6.2.1778-win32.any.x86/avr8-gnu-toolchain-win32_x86/bin/../lib/gcc/avr/5.4.0/../../../../avr/lib/avr5\libc.a(fprintf.o)
 .comment       0x0000005c       0x31 c:/users/nikhil/downloads/avr8-gnu-toolchain-3.6.2.1778-win32.any.x86/avr8-gnu-toolchain-win32_x86/bin/../lib/gcc/avr/5.4.0/../../../../avr/lib/avr5\libc.a(fputc.o)
 .comment       0x0000005c       0x31 c:/users/nikhil/downloads/avr8-gnu-toolchain-3.6.2.1778-win32.any.x86/avr8-gnu-toolchain-win32_x86/bin/../lib/gcc/avr/5.4.0/../../../../avr/lib/avr5\libc.a(fwrite.o)

.note.gnu.avr.deviceinfo
                0x00000000       0x40
 .note.gnu.avr.deviceinfo
                0x00000000       0x40 C:/Program Files/Microchip/MPLABX/v5.50/packs/Microchip/ATmega_DFP/2.3.126/gcc/dev/atmega328p/avr5/crtatmega328p.o

.note.gnu.build-id
 *(.note.gnu.build-id)

.debug
 *(.debug)

.line
 *(.line)

.debug_srcinfo
 *(.debug_srcinfo)

.debug_sfnames
 *(.debug_sfnames)

.debug_aranges
 *(.debug_aranges)

.debug_pubnames
 *(.debug_pubnames)

.debug_info     0x00000000      0x5f4
 *(.debug_info .gnu.linkonce.wi.*)
 .debug_info    0x00000000      0x5f4 C:/Program Files/Microchip/MPLABX/v5.50/packs/Microchip/ATmega_DFP/2.3.126/gcc/dev/atmega328p/avr5/crtatmega328p.o

.debug_abbrev   0x00000000      0x5a2
 *(.debug_abbrev)
 .debug_abbrev  0x00000000      0x5a2 C:/Program Files/Microchip/MPLABX/v5.50/packs/Microchip/ATmega_DFP/2.3.126/gcc/dev/atmega328p/avr5/crtatmega328p.o

.debug_line     0x00000000      0x134
 *(.debug_line .debug_line.* .debug_line_end)
 .debug_line    0x00000000      0x134 C:/Program Files/Microchip/MPLABX/v5.50/packs/Microchip/ATmega_DFP/2.3.126/gcc/dev/atmega328p/avr5/crtatmega328p.o

.debug_frame
 *(.debug_frame)

.debug_str      0x00000000      0x208
 *(.debug_str)
 .debug_str     0x00000000      0x208 C:/Program Files/Microchip/MPLABX/v5.50/packs/Microchip/ATmega_DFP/2.3.126/gcc/dev/atmega328p/avr5/crtatmega328p.o

.debug_loc
 *(.debug_loc)

.debug_macinfo
 *(.debug_macinfo)

.debug_weaknames
 *(.debug_weaknames)

.debug_funcnames
 *(.debug_funcnames)

.debug_typenames
 *(.debug_typenames)

.debug_varnames
 *(.debug_varnames)

.debug_pubtypes
 *(.debug_pubtypes)

.debug_ranges
 *(.debug_ranges)

.debug_macro
 *(.debug_macro)
OUTPUT(dist/default/production/Lab_4.X.production.elf elf32-avr)
LOAD linker stubs
